🔒 SSH connection closed.
PS C:\Users\8199095\Music> venv\Scripts\python.exe test1.py
🔐 SSH to Hive Server
✅ SSH Connection Established

📥 Enter your Hive query (end with a semicolon `;`):
select * from uat1_tb_dhub_gstg_active.sci_all_bkgloc limit 5;
⚠️ Beeline stderr output:
SLF4J: Class path contains multiple SLF4J bindings.
SLF4J: Found binding in [jar:file:/opt/cloudera/parcels/CDH-7.1.9-1.cdh7.1.9.p1045.67903105/jars/log4j-slf4j-impl-2.18.0.jar!/org/slf4j/impl/StaticLoggerBinder.class]
SLF4J: Found binding in [jar:file:/opt/cloudera/parcels/CDH-7.1.9-1.cdh7.1.9.p1045.67903105/jars/slf4j-reload4j-1.7.36.jar!/org/slf4j/impl/StaticLoggerBinder.class]
SLF4J: See http://www.slf4j.org/codes.html#multiple_bindings for an explanation.
SLF4J: Actual binding is of type [org.apache.logging.slf4j.Log4jLoggerFactory]
WARNING: Use "yarn jar" to launch YARN applications.
SLF4J: Class path contains multiple SLF4J bindings.
SLF4J: Found binding in [jar:file:/opt/cloudera/parcels/CDH-7.1.9-1.cdh7.1.9.p1045.67903105/jars/log4j-slf4j-impl-2.18.0.jar!/org/slf4j/impl/StaticLoggerBinder.class]
SLF4J: Found binding in [jar:file:/opt/cloudera/parcels/CDH-7.1.9-1.cdh7.1.9.p1045.67903105/jars/slf4j-reload4j-1.7.36.jar!/org/slf4j/impl/StaticLoggerBinder.class]
SLF4J: See http://www.slf4j.org/codes.html#multiple_bindings for an explanation.
SLF4J: Actual binding is of type [org.apache.logging.slf4j.Log4jLoggerFactory]

⚠️ Could not find header row in output.
⚠️ Query returned no results or failed.
🔒 SSH connection closed.



--------------
py 11

PS C:\Users\bankid\Music> venv\Scripts\python.exe -c "import platform; print(platform.python_version()); print(platform.architecture())"


PS C:\Users\bankid\Music> py -3.11 -m venv venv
   
PS C:\Users\bankid\Music> venv\Scripts\pip.exe install pandas --trusted-host pypi.org --trusted-host files.pythonhosted.org --trusted-host pypi.python.org
PS C:\Users\bankid\Music> venv\Scripts\python.exe test1.py

